[themelamp.com/html/learnedu/index.html]
[backblue.gif]
[fade.gif]
[index.html]
[themelamp.com/html/learnedu/images/favicon.png]
[themelamp.com/html/learnedu/css/bootstrap.min.css]
[themelamp.com/html/learnedu/css/font-awesome.min.css]
[themelamp.com/html/learnedu/css/jquery.fancybox.min.css]
[themelamp.com/html/learnedu/css/owl.carousel.min.css]
[themelamp.com/html/learnedu/css/owl.theme.default.min.css]
[themelamp.com/html/learnedu/css/animate.min.css]
[themelamp.com/html/learnedu/css/slicknav.min.css]
[themelamp.com/html/learnedu/css/magnific-popup.css]
[themelamp.com/html/learnedu/css/normalize.css]
[themelamp.com/html/learnedu/style.css]
[themelamp.com/html/learnedu/css/responsive.css]
[themelamp.com/html/learnedu/css/color/color1.css]
[themelamp.com/html/learnedu/index-2.html]
[themelamp.com/html/learnedu/images/logo.png]
[themelamp.com/html/learnedu/index2.html]
[themelamp.com/html/learnedu/about.html]
[themelamp.com/html/learnedu/teacher.html]
[themelamp.com/html/learnedu/teacher2.html]
[themelamp.com/html/learnedu/teacher-single.html]
[themelamp.com/html/learnedu/testimonials.html]
[themelamp.com/html/learnedu/faqs.html]
[themelamp.com/html/learnedu/404.html]
[themelamp.com/html/learnedu/courses.html]
[themelamp.com/html/learnedu/course-single.html]
[themelamp.com/html/learnedu/course-single-video.html]
[themelamp.com/html/learnedu/events.html]
[themelamp.com/html/learnedu/event-single.html]
[themelamp.com/html/learnedu/blogs.html]
[themelamp.com/html/learnedu/blogs-left-sidebar.html]
[themelamp.com/html/learnedu/blogs-right-sidebar.html]
[themelamp.com/html/learnedu/blog-single-left-sidebar.html]
[themelamp.com/html/learnedu/blog-single.html]
[themelamp.com/html/learnedu/contact.html]
[themelamp.com/html/learnedu/images/slider/slider-bg1.jpg]
[themelamp.com/html/learnedu/images/slider/slider-bg2.jpg]
[themelamp.com/html/learnedu/images/slider/slider-bg3.jpg]
[themelamp.com/html/learnedu/images/feature1.jpg]
[themelamp.com/html/learnedu/images/feature2.jpg]
[themelamp.com/html/learnedu/images/feature3.jpg]
[themelamp.com/html/learnedu/images/course/course1.jpg]
[themelamp.com/html/learnedu/images/course/course2.jpg]
[themelamp.com/html/learnedu/images/course/course3.jpg]
[themelamp.com/html/learnedu/images/team/team1.jpg]
[themelamp.com/html/learnedu/images/team/team3.jpg]
[themelamp.com/html/learnedu/images/team/team4.jpg]
[themelamp.com/html/learnedu/images/testimonial1.jpg]
[themelamp.com/html/learnedu/images/testimonial2.jpg]
[themelamp.com/html/learnedu/images/testimonial3.jpg]
[themelamp.com/html/learnedu/images/testimonial4.jpg]
[themelamp.com/html/learnedu/images/events/event1.jpg]
[themelamp.com/html/learnedu/images/events/event2.jpg]
[themelamp.com/html/learnedu/images/events/event3.jpg]
[themelamp.com/html/learnedu/images/blog/blog1.jpg]
[themelamp.com/html/learnedu/images/blog/blog2.jpg]
[themelamp.com/html/learnedu/images/blog/blog3.jpg]
[themelamp.com/html/learnedu/images/blog/blog4.jpg]
[themelamp.com/html/learnedu/images/logo2.png]
[themelamp.com/html/learnedu/js/jquery.min.js]
[themelamp.com/html/learnedu/js/jquery-migrate.min.js]
[themelamp.com/html/learnedu/js/popper.min.js]
[themelamp.com/html/learnedu/js/bootstrap.min.js]
[themelamp.com/html/learnedu/js/colors.js]
[themelamp.com/html/learnedu/js/jquery.stellar.min.js]
[themelamp.com/html/learnedu/js/particles.min.js]
[themelamp.com/html/learnedu/js/facnybox.min.js]
[themelamp.com/html/learnedu/js/jquery.magnific-popup.min.js]
[themelamp.com/html/learnedu/js/masonry.pkgd.min.js]
[themelamp.com/html/learnedu/js/circle-progress.min.js]
[themelamp.com/html/learnedu/js/owl.carousel.min.js]
[themelamp.com/html/learnedu/js/waypoints.min.js]
[themelamp.com/html/learnedu/js/slicknav.min.js]
[themelamp.com/html/learnedu/js/jquery.counterup.min.js]
[themelamp.com/html/learnedu/js/easing.min.js]
[themelamp.com/html/learnedu/js/wow.min.js]
[themelamp.com/html/learnedu/js/jquery.scrollUp.min.js]
[themelamp.com/html/learnedu/js/gmaps.min.js]
[themelamp.com/html/learnedu/js/main.js]
[themelamp.com/html/learnedu/index.html]
[themelamp.com/html/learnedu/css/bootstrap.min.css]
[themelamp.com/html/learnedu/fonts/fontawesome-webfont3e6e.eot]
[themelamp.com/html/learnedu/fonts/fontawesome-webfont3e6e.woff2]
[themelamp.com/html/learnedu/fonts/fontawesome-webfontd41d.eot]
[themelamp.com/html/learnedu/css/font-awesome.min.css]
[themelamp.com/html/learnedu/css/jquery.fancybox.min.css]
[themelamp.com/html/learnedu/css/owl.carousel.min.css]
[themelamp.com/html/learnedu/css/owl.theme.default.min.css]
[themelamp.com/html/learnedu/css/animate.min.css]
[themelamp.com/html/learnedu/css/slicknav.min.css]
[themelamp.com/html/learnedu/css/magnific-popup.css]
[themelamp.com/html/learnedu/fonts/fontawesome-webfont3e6e.woff]
[themelamp.com/html/learnedu/images/section-bg.png]
[themelamp.com/html/learnedu/fonts/fontawesome-webfont3e6e.svg]
[themelamp.com/html/learnedu/images/enroll-bg.jpg]
[themelamp.com/html/learnedu/css/normalize.css]
[themelamp.com/html/learnedu/images/cta-bg.jpg]
[themelamp.com/html/learnedu/fonts/fontawesome-webfont3e6e.ttf]
[themelamp.com/html/learnedu/images/library.jpg]
[themelamp.com/html/learnedu/images/error-bg.jpg]
[themelamp.com/html/learnedu/images/footer.jpg]
[themelamp.com/html/learnedu/style.css]
[themelamp.com/html/learnedu/css/responsive.css]
[themelamp.com/html/learnedu/css/color/color1.css]
[themelamp.com/html/learnedu/index-2.html]
[themelamp.com/html/learnedu/index2.html]
[themelamp.com/html/learnedu/images/about.jpg]
[themelamp.com/html/learnedu/about.html]
[themelamp.com/html/learnedu/images/team/team5.jpg]
[themelamp.com/html/learnedu/images/team/team6.jpg]
[themelamp.com/html/learnedu/teacher.html]
[themelamp.com/html/learnedu/teacher2.html]
[themelamp.com/html/learnedu/images/team-detail.jpg]
[themelamp.com/html/learnedu/images/signature.png]
[themelamp.com/html/learnedu/teacher-single.html]
[themelamp.com/html/learnedu/testimonials.html]
[themelamp.com/html/learnedu/faqs.html]
[themelamp.com/html/learnedu/js/particle-app.js]
[themelamp.com/html/learnedu/404.html]
[themelamp.com/html/learnedu/courses.html]
[themelamp.com/html/learnedu/images/course/course-single.jpg]
[themelamp.com/html/learnedu/course-single.html]
[themelamp.com/html/learnedu/course-single-video.html]
[themelamp.com/html/learnedu/events.html]
[themelamp.com/html/learnedu/images/course/course4.jpg]
[themelamp.com/html/learnedu/images/course/course5.jpg]
[themelamp.com/html/learnedu/event-single.html]
[themelamp.com/html/learnedu/images/blog/blog5.jpg]
[themelamp.com/html/learnedu/images/blog/blog6.jpg]
[themelamp.com/html/learnedu/blogs.html]
[themelamp.com/html/learnedu/blogs-left-sidebar.html]
[themelamp.com/html/learnedu/blogs-right-sidebar.html]
[themelamp.com/html/learnedu/blog-single-left-sidebar.html]
[themelamp.com/html/learnedu/blog-single.html]
[themelamp.com/html/learnedu/js/map-script.js]
[themelamp.com/html/learnedu/contact.html]
[themelamp.com/html/learnedu/images/events/event1.jpg]
[themelamp.com/html/learnedu/images/team/team2.jpg]
[themelamp.com/html/learnedu/js/jquery.min.js]
[themelamp.com/html/learnedu/js/jquery-migrate.min.js]
[themelamp.com/html/learnedu/js/popper.min.js]
[themelamp.com/html/learnedu/js/bootstrap.min.js]
[themelamp.com/html/learnedu/css/color/color2.css]
[themelamp.com/html/learnedu/css/color/color3.css]
[themelamp.com/html/learnedu/css/color/color4.css]
[themelamp.com/html/learnedu/css/color/color5.css]
[themelamp.com/html/learnedu/css/color/color6.css]
[themelamp.com/html/learnedu/css/color/color7.css]
[themelamp.com/html/learnedu/css/color/color8.css]
[themelamp.com/html/learnedu/js/colors.js]
[themelamp.com/html/learnedu/js/jquery.stellar.min.js]
[themelamp.com/html/learnedu/js/particles.min.js]
[themelamp.com/html/learnedu/js/facnybox.min.js]
[themelamp.com/html/learnedu/js/jquery.magnific-popup.min.js]
[themelamp.com/html/learnedu/js/masonry.pkgd.min.js]
[themelamp.com/html/learnedu/js/circle-progress.min.js]
[themelamp.com/html/learnedu/js/owl.carousel.min.js]
[themelamp.com/html/learnedu/js/waypoints.min.js]
[themelamp.com/html/learnedu/js/slicknav.min.js]
[themelamp.com/html/learnedu/js/jquery.counterup.min.js]
[themelamp.com/html/learnedu/js/easing.min.js]
[themelamp.com/html/learnedu/js/wow.min.js]
[themelamp.com/html/learnedu/js/jquery.scrollUp.min.js]
[themelamp.com/html/learnedu/js/gmaps.min.js]
[themelamp.com/html/learnedu/js/main.js]
[themelamp.com/html/learnedu/fonts/fontawesome-webfont3e6e.svg]
[themelamp.com/html/learnedu/css/owl.video.play.html]
[themelamp.com/html/learnedu/team.html]
[themelamp.com/html/learnedu/team2.html]
[themelamp.com/html/learnedu/team-single.html]
[themelamp.com/html/learnedu/js/particle-app.js]
[themelamp.com/html/learnedu/blogs-grid.html]
[themelamp.com/html/learnedu/blog-left-sidebar.html]
[themelamp.com/html/learnedu/blogs-single.html]
[themelamp.com/html/learnedu/images/map.png]
[themelamp.com/html/learnedu/js/map-script.js]
[themelamp.com/html/learnedu/css/color/color2.css]
[themelamp.com/html/learnedu/css/color/color3.css]
[themelamp.com/html/learnedu/css/color/color4.css]
[themelamp.com/html/learnedu/css/color/color5.css]
[themelamp.com/html/learnedu/css/color/color6.css]
[themelamp.com/html/learnedu/css/color/color7.css]
[themelamp.com/html/learnedu/css/color/color8.css]
[themelamp.com/html/learnedu/GET.html]
[themelamp.com/html/learnedu/Error pJS - No image.html]
